Running Gradle task 'assembleDebug'...                             25,2s
ÔêÜ Built build\app\outputs\flutter-apk\app-debug.apk
